ℹ Check qrels path: test-input
	✗ Qrels path is not a file.
✗ Qrels path is invalid: 1 error


####
files: []
