ℹ Check output path: .
	⚠ Output directory is not empty.
✓ Output path is valid: 1 warning
✗ Exporting metrics without qrels and topics files is not allowed.


####
files: []
