ℹ Check topics path: test-input/topics_sample_valid.jsonl
✓ Topics path is valid.
ℹ Load topics.
✓ Topics successfully loaded.
ℹ Parse measures: P@2, nDCG@2
✓ Measures successfully parsed.
ℹ Check output path: test-output
✓ Output path is valid.
✗ Consistency check without qrels file is not allowed.


####
files: []
