ℹ Check qrels path: test-input/qrels_sample_valid.txt
✓ Qrels path is valid.
ℹ Load qrels with ir-measures.
✓ Qrels successfully loaded.
ℹ Check output path: /tmp
	⚠ Output directory is not empty.
✓ Output path is valid: 1 warning
✗ Consistency check without topics file is not allowed.


####
files: []
