ℹ Check qrels path: test-input/qrels_sample_valid.txt
✓ Qrels path is valid.
ℹ Load qrels with ir-measures.
✓ Qrels successfully loaded.
ℹ Check topics path: test-input/empty_file.jsonl
	✗ Topics path does not exist.
✗ Topics path is invalid: 1 error


####
files: []
