ℹ Check topics path: test-input/topics_sample_valid.jsonl
✓ Topics path is valid.
ℹ Load topics.
✓ Topics successfully loaded.
ℹ Check output path: /tmp
	⚠ Output directory is not empty.
✓ Output path is valid: 1 warning
✗ Consistency check without qrels file is not allowed.


####
files: []
