ℹ Check qrels path: test-input/qrels_sample_valid.txt
✓ Qrels path is valid.
ℹ Load qrels with ir-measures.
✓ Qrels successfully loaded.
ℹ Check topics path: test-input/topics_sample_valid.jsonl
✓ Topics path is valid.
ℹ Load topics.
✓ Topics successfully loaded.
ℹ Parse measures: P@2, nDCG@2
✓ Measures successfully parsed.


####
files: []
