ℹ Check qrels path: test-input/qrels_sample_valid.txt
✓ Qrels path is valid.
ℹ Load qrels with ir-measures.
✓ Qrels successfully loaded.
ℹ Check topics path: test-input/topics_sample_valid.jsonl
✓ Topics path is valid.
ℹ Load topics.
✓ Topics successfully loaded.
ℹ Parse measures: P@2, nDCG@2
✓ Measures successfully parsed.
ℹ Check output path: test-output-not-empty/file.txt
	✗ Output path is not a directory.
✗ Output path is invalid: 1 error


####
files: []
