ℹ Check qrels path: test-input/qrels_sample_valid.txt
✓ Qrels path is valid.
ℹ Load qrels with ir-measures.
✓ Qrels successfully loaded.
ℹ Parse measures: P@2, nDCG@2
✓ Measures successfully parsed.
ℹ Check output path: test-output
✓ Output path is valid.
✗ Consistency check without topics file is not allowed.


####
files: []
