ℹ Check qrels path: bar
	✗ Qrels path does not exist.
✗ Qrels path is invalid: 1 error


####
files: []
