ℹ Check qrels path: test-input/empty_file.txt
	✗ Qrels file is empty.
✗ Qrels path is invalid: 1 error


####
files: []
